{"time":"2026-06-10T12:03:35.567908764+05:30","level":"INFO","msg":"🚀 Starting Go Market Data Gateway"}
{"time":"2026-06-10T12:03:35.56800603+05:30","level":"INFO","msg":"🌐 Market Data REST API & WebSocket listening on Port 8001"}
{"time":"2026-06-10T12:03:35.675602072+05:30","level":"INFO","msg":"✅ Authenticated with XTS Market Data","userID":"TESTV_MARKET"}
{"time":"2026-06-10T12:03:35.67581388+05:30","level":"INFO","msg":"✅ ZeroMQ Publisher bound","endpoint":"tcp://*:5555"}
{"time":"2026-06-10T12:03:35.802834869+05:30","level":"INFO","msg":"Testing Expiry","symbol":"MIDCPNIFTY","expiry":"30Jun2026"}
{"time":"2026-06-10T12:03:35.802866206+05:30","level":"INFO","msg":"Building Option Chain","symbol":"MIDCPNIFTY","expiry":"30Jun2026","startStrike":13125,"endStrike":15125}
{"time":"2026-06-10T12:03:35.857950427+05:30","level":"INFO","msg":"Testing Expiry","symbol":"BANKNIFTY","expiry":"30Jun2026"}
{"time":"2026-06-10T12:03:35.8579787+05:30","level":"INFO","msg":"Building Option Chain","symbol":"BANKNIFTY","expiry":"30Jun2026","startStrike":50700,"endStrike":58700}
{"time":"2026-06-10T12:03:35.909338459+05:30","level":"INFO","msg":"Testing Expiry","symbol":"FINNIFTY","expiry":"30Jun2026"}
{"time":"2026-06-10T12:03:35.90936725+05:30","level":"INFO","msg":"Building Option Chain","symbol":"FINNIFTY","expiry":"30Jun2026","startStrike":23050,"endStrike":27050}
{"time":"2026-06-10T12:03:35.959695184+05:30","level":"INFO","msg":"Testing Expiry","symbol":"NIFTY","expiry":"16Jun2026"}
{"time":"2026-06-10T12:03:35.959725901+05:30","level":"INFO","msg":"Building Option Chain","symbol":"NIFTY","expiry":"16Jun2026","startStrike":21150,"endStrike":25150}
{"time":"2026-06-10T12:04:06.64918094+05:30","level":"INFO","msg":"✅ Dynamic Chain Built successfully!","symbol":"FINNIFTY","expiry":"30Jun2026","spot":25036.25}
{"time":"2026-06-10T12:04:07.406827262+05:30","level":"INFO","msg":"✅ Dynamic Chain Built successfully!","symbol":"MIDCPNIFTY","expiry":"30Jun2026","spot":14129.8}
{"time":"2026-06-10T12:04:07.501621598+05:30","level":"INFO","msg":"✅ Dynamic Chain Built successfully!","symbol":"NIFTY","expiry":"16Jun2026","spot":23165.2}
{"time":"2026-06-10T12:04:07.819961977+05:30","level":"INFO","msg":"✅ Dynamic Chain Built successfully!","symbol":"BANKNIFTY","expiry":"30Jun2026","spot":54661}
{"time":"2026-06-10T12:04:07.821500594+05:30","level":"INFO","msg":"✅ Generated GreekTokens.csv for all supported indices"}
{"time":"2026-06-10T12:04:07.821585614+05:30","level":"INFO","msg":"🌐 Dialing XTS Socket.IO (EIO=4)...","host":"developers.symphonyfintech.in"}
{"time":"2026-06-10T12:04:08.987920391+05:30","level":"INFO","msg":"✅ Connected to XTS Socket.IO successfully!"}
{"time":"2026-06-10T12:04:08.988106232+05:30","level":"INFO","msg":"🟢 Engine.IO Session Established. Sending Socket.IO Handshake..."}
{"time":"2026-06-10T12:04:08.988205763+05:30","level":"INFO","msg":"✅ Socket.IO Namespace Connected! Ready for Subscriptions."}
{"time":"2026-06-10T12:04:08.989511027+05:30","level":"INFO","msg":"✅ XTS Confirmed Subscription"}
{"time":"2026-06-10T12:04:09.035734619+05:30","level":"INFO","msg":"✅ XTS Confirmed Subscription"}
{"time":"2026-06-10T12:04:09.822021913+05:30","level":"INFO","msg":"📡 Sending Subscription Request...","msgCode":1512,"count":45}
{"time":"2026-06-10T12:04:10.122214666+05:30","level":"INFO","msg":"📡 Sending Subscription Request...","msgCode":1512,"count":45}
{"time":"2026-06-10T12:04:10.422569729+05:30","level":"INFO","msg":"📡 Sending Subscription Request...","msgCode":1512,"count":45}
{"time":"2026-06-10T12:04:10.723744366+05:30","level":"INFO","msg":"📡 Sending Subscription Request...","msgCode":1512,"count":45}
{"time":"2026-06-10T12:04:10.926609377+05:30","level":"INFO","msg":"🛑 Shutting down Market Data Gateway"}
