{"time":"2026-06-03T13:39:02.665473278+05:30","level":"INFO","msg":"🚀 Starting Go Market Data Gateway"}
{"time":"2026-06-03T13:39:02.665513742+05:30","level":"INFO","msg":"🌐 Market Data REST API listening on Port 8001"}
{"time":"2026-06-03T13:39:02.784448454+05:30","level":"INFO","msg":"✅ Authenticated with XTS Market Data","userID":"TESTV_MARKET"}
{"time":"2026-06-03T13:39:02.78493296+05:30","level":"INFO","msg":"ZeroMQ Publisher bound successfully","endpoint":"tcp://*:5555"}
{"time":"2026-06-03T13:39:05.001248635+05:30","level":"INFO","msg":"Dynamic Chain Built","symbol":"NIFTY","expiry":"16Jun2026","spot":23321.15,"atm":23300}
{"time":"2026-06-03T13:39:05.001297184+05:30","level":"INFO","msg":"Building Option Chain","symbol":"NIFTY","expiry":"16Jun2026","startStrike":22800,"endStrike":23800}
{"time":"2026-06-03T13:39:07.290280278+05:30","level":"INFO","msg":"Dynamic Chain Built","symbol":"BANKNIFTY","expiry":"30Jun2026","spot":53313.3,"atm":53300}
{"time":"2026-06-03T13:39:07.290322316+05:30","level":"INFO","msg":"Building Option Chain","symbol":"BANKNIFTY","expiry":"30Jun2026","startStrike":52300,"endStrike":54300}
{"time":"2026-06-03T13:39:09.685487881+05:30","level":"INFO","msg":"Dynamic Chain Built","symbol":"FINNIFTY","expiry":"25Aug2026","spot":24731.25,"atm":24750}
{"time":"2026-06-03T13:39:09.685597265+05:30","level":"INFO","msg":"Building Option Chain","symbol":"FINNIFTY","expiry":"25Aug2026","startStrike":24250,"endStrike":25250}
{"time":"2026-06-03T13:39:09.739876497+05:30","level":"WARN","msg":"Failed to fetch CE token","symbol":"FINNIFTY","strike":24250,"error":"XTS API returned no token or error: Data not available | Body: {\"type\":\"error\",\"code\":\"e-instrunent-0013\",\"description\":\"Data not available\"}"}
{"time":"2026-06-03T13:39:09.795240451+05:30","level":"WARN","msg":"Failed to fetch PE token","symbol":"FINNIFTY","strike":24250,"error":"XTS API returned no token or error: Data not available | Body: {\"type\":\"error\",\"code\":\"e-instrunent-0013\",\"description\":\"Data not available\"}"}
{"time":"2026-06-03T13:39:09.961586801+05:30","level":"WARN","msg":"Failed to fetch CE token","symbol":"FINNIFTY","strike":24350,"error":"XTS API returned no token or error: Data not available | Body: {\"type\":\"error\",\"code\":\"e-instrunent-0013\",\"description\":\"Data not available\"}"}
{"time":"2026-06-03T13:39:10.015126807+05:30","level":"WARN","msg":"Failed to fetch PE token","symbol":"FINNIFTY","strike":24350,"error":"XTS API returned no token or error: Data not available | Body: {\"type\":\"error\",\"code\":\"e-instrunent-0013\",\"description\":\"Data not available\"}"}
{"time":"2026-06-03T13:39:10.181242795+05:30","level":"WARN","msg":"Failed to fetch CE token","symbol":"FINNIFTY","strike":24450,"error":"XTS API returned no token or error: Data not available | Body: {\"type\":\"error\",\"code\":\"e-instrunent-0013\",\"description\":\"Data not available\"}"}
{"time":"2026-06-03T13:39:10.235281221+05:30","level":"WARN","msg":"Failed to fetch PE token","symbol":"FINNIFTY","strike":24450,"error":"XTS API returned no token or error: Data not available | Body: {\"type\":\"error\",\"code\":\"e-instrunent-0013\",\"description\":\"Data not available\"}"}
{"time":"2026-06-03T13:39:10.396835002+05:30","level":"WARN","msg":"Failed to fetch CE token","symbol":"FINNIFTY","strike":24550,"error":"XTS API returned no token or error: Data not available | Body: {\"type\":\"error\",\"code\":\"e-instrunent-0013\",\"description\":\"Data not available\"}"}
{"time":"2026-06-03T13:39:10.446145715+05:30","level":"WARN","msg":"Failed to fetch PE token","symbol":"FINNIFTY","strike":24550,"error":"XTS API returned no token or error: Data not available | Body: {\"type\":\"error\",\"code\":\"e-instrunent-0013\",\"description\":\"Data not available\"}"}
{"time":"2026-06-03T13:39:10.599891872+05:30","level":"WARN","msg":"Failed to fetch CE token","symbol":"FINNIFTY","strike":24650,"error":"XTS API returned no token or error: Data not available | Body: {\"type\":\"error\",\"code\":\"e-instrunent-0013\",\"description\":\"Data not available\"}"}
{"time":"2026-06-03T13:39:10.66190939+05:30","level":"WARN","msg":"Failed to fetch PE token","symbol":"FINNIFTY","strike":24650,"error":"XTS API returned no token or error: Data not available | Body: {\"type\":\"error\",\"code\":\"e-instrunent-0013\",\"description\":\"Data not available\"}"}
{"time":"2026-06-03T13:39:10.812035731+05:30","level":"WARN","msg":"Failed to fetch CE token","symbol":"FINNIFTY","strike":24750,"error":"XTS API returned no token or error: Data not available | Body: {\"type\":\"error\",\"code\":\"e-instrunent-0013\",\"description\":\"Data not available\"}"}
{"time":"2026-06-03T13:39:10.864576746+05:30","level":"WARN","msg":"Failed to fetch PE token","symbol":"FINNIFTY","strike":24750,"error":"XTS API returned no token or error: Data not available | Body: {\"type\":\"error\",\"code\":\"e-instrunent-0013\",\"description\":\"Data not available\"}"}
{"time":"2026-06-03T13:39:11.020075696+05:30","level":"WARN","msg":"Failed to fetch CE token","symbol":"FINNIFTY","strike":24850,"error":"XTS API returned no token or error: Data not available | Body: {\"type\":\"error\",\"code\":\"e-instrunent-0013\",\"description\":\"Data not available\"}"}
{"time":"2026-06-03T13:39:11.080398779+05:30","level":"WARN","msg":"Failed to fetch PE token","symbol":"FINNIFTY","strike":24850,"error":"XTS API returned no token or error: Data not available | Body: {\"type\":\"error\",\"code\":\"e-instrunent-0013\",\"description\":\"Data not available\"}"}
{"time":"2026-06-03T13:39:11.249734545+05:30","level":"WARN","msg":"Failed to fetch CE token","symbol":"FINNIFTY","strike":24950,"error":"XTS API returned no token or error: Data not available | Body: {\"type\":\"error\",\"code\":\"e-instrunent-0013\",\"description\":\"Data not available\"}"}
{"time":"2026-06-03T13:39:11.301336934+05:30","level":"WARN","msg":"Failed to fetch PE token","symbol":"FINNIFTY","strike":24950,"error":"XTS API returned no token or error: Data not available | Body: {\"type\":\"error\",\"code\":\"e-instrunent-0013\",\"description\":\"Data not available\"}"}
{"time":"2026-06-03T13:39:11.463551288+05:30","level":"WARN","msg":"Failed to fetch CE token","symbol":"FINNIFTY","strike":25050,"error":"XTS API returned no token or error: Data not available | Body: {\"type\":\"error\",\"code\":\"e-instrunent-0013\",\"description\":\"Data not available\"}"}
{"time":"2026-06-03T13:39:11.513292294+05:30","level":"WARN","msg":"Failed to fetch PE token","symbol":"FINNIFTY","strike":25050,"error":"XTS API returned no token or error: Data not available | Body: {\"type\":\"error\",\"code\":\"e-instrunent-0013\",\"description\":\"Data not available\"}"}
{"time":"2026-06-03T13:39:11.694840709+05:30","level":"WARN","msg":"Failed to fetch CE token","symbol":"FINNIFTY","strike":25150,"error":"XTS API returned no token or error: Data not available | Body: {\"type\":\"error\",\"code\":\"e-instrunent-0013\",\"description\":\"Data not available\"}"}
{"time":"2026-06-03T13:39:11.745628276+05:30","level":"WARN","msg":"Failed to fetch PE token","symbol":"FINNIFTY","strike":25150,"error":"XTS API returned no token or error: Data not available | Body: {\"type\":\"error\",\"code\":\"e-instrunent-0013\",\"description\":\"Data not available\"}"}
{"time":"2026-06-03T13:39:11.912952023+05:30","level":"WARN","msg":"Failed to fetch CE token","symbol":"FINNIFTY","strike":25250,"error":"XTS API returned no token or error: Data not available | Body: {\"type\":\"error\",\"code\":\"e-instrunent-0013\",\"description\":\"Data not available\"}"}
{"time":"2026-06-03T13:39:11.965637869+05:30","level":"WARN","msg":"Failed to fetch PE token","symbol":"FINNIFTY","strike":25250,"error":"XTS API returned no token or error: Data not available | Body: {\"type\":\"error\",\"code\":\"e-instrunent-0013\",\"description\":\"Data not available\"}"}
{"time":"2026-06-03T13:39:12.044042929+05:30","level":"INFO","msg":"Dynamic Chain Built","symbol":"MIDCPNIFTY","expiry":"30Jun2026","spot":14142.1,"atm":14150}
{"time":"2026-06-03T13:39:12.044072461+05:30","level":"INFO","msg":"Building Option Chain","symbol":"MIDCPNIFTY","expiry":"30Jun2026","startStrike":13900,"endStrike":14400}
{"time":"2026-06-03T13:39:14.506487235+05:30","level":"ERROR","msg":"Failed to fetch nearest expiry","symbol":"SENSEX","error":"XTS API returned no expiries or error: Data not available | Body: {\"type\":\"error\",\"code\":\"e-instrunent-0004\",\"description\":\"Data not available\"}"}
{"time":"2026-06-03T13:39:14.506511636+05:30","level":"INFO","msg":"✅ Generated GreekTokens.csv for all supported indices"}
signal: killed
