Loading credentials and starting Execution Gateway...
{"time":"2026-06-03T13:39:05.351720909+05:30","level":"INFO","msg":"Starting Go Execution Gateway [Ultra-Low Latency Hot-Path]"}
{"time":"2026-06-03T13:39:05.434920983+05:30","level":"INFO","msg":"Execution Gateway successfully logged into XTS","userID":"TESTV"}
{"time":"2026-06-03T13:39:05.435153397+05:30","level":"INFO","msg":"Listening for C++ Order Intents on ipc:///tmp/order_intents.ipc"}
{"time":"2026-06-03T13:39:05.435202901+05:30","level":"INFO","msg":"HTTP Test API listening on http://localhost:8081"}
RAW XTS RESPONSE: {"type":"error","code":"e-app-001","description":"Bad Request","result":{"status":400,"statusText":"Bad Request","errors":[{"field":["exchangeSegment"],"location":"body","messages":["\"exchangeSegment\" is not allowed to be empty","\"exchangeSegment\" must be one of [NSECM, NSEFO, NSECD, NSECO, SLBM, NIFSC, BSECM, BSEFO, BSECD, NCDEX, MSECM, MSEFO, MSECD, MCXFO]"],"types":["any.empty","any.allowOnly"]}]}}
{"time":"2026-06-03T13:39:24.174954092+05:30","level":"ERROR","msg":"Order placement failed","uid":"ny030626133924a","err_code":"ERR_UNKNOWN","reason":"XTS rejected order: Bad Request","is_retryable":false,"latency_ms":13.218}
RAW XTS RESPONSE: {"type":"error","code":"e-app-001","description":"Bad Request","result":{"status":400,"statusText":"Bad Request","errors":[{"field":["exchangeSegment"],"location":"body","messages":["\"exchangeSegment\" is not allowed to be empty","\"exchangeSegment\" must be one of [NSECM, NSEFO, NSECD, NSECO, SLBM, NIFSC, BSECM, BSEFO, BSECD, NCDEX, MSECM, MSEFO, MSECD, MCXFO]"],"types":["any.empty","any.allowOnly"]}]}}
{"time":"2026-06-03T13:40:21.613436904+05:30","level":"ERROR","msg":"Order placement failed","uid":"ny030626134021a","err_code":"ERR_UNKNOWN","reason":"XTS rejected order: Bad Request","is_retryable":false,"latency_ms":10.734}
RAW XTS RESPONSE: {"type":"error","code":"e-app-001","description":"Bad Request","result":{"status":400,"statusText":"Bad Request","errors":[{"field":["exchangeSegment"],"location":"body","messages":["\"exchangeSegment\" is not allowed to be empty","\"exchangeSegment\" must be one of [NSECM, NSEFO, NSECD, NSECO, SLBM, NIFSC, BSECM, BSEFO, BSECD, NCDEX, MSECM, MSEFO, MSECD, MCXFO]"],"types":["any.empty","any.allowOnly"]}]}}
{"time":"2026-06-03T13:40:22.219267045+05:30","level":"ERROR","msg":"Order placement failed","uid":"ny030626134022a","err_code":"ERR_UNKNOWN","reason":"XTS rejected order: Bad Request","is_retryable":false,"latency_ms":9.781}
RAW XTS RESPONSE: {"type":"error","code":"e-app-001","description":"Bad Request","result":{"status":400,"statusText":"Bad Request","errors":[{"field":["exchangeSegment"],"location":"body","messages":["\"exchangeSegment\" is not allowed to be empty","\"exchangeSegment\" must be one of [NSECM, NSEFO, NSECD, NSECO, SLBM, NIFSC, BSECM, BSEFO, BSECD, NCDEX, MSECM, MSEFO, MSECD, MCXFO]"],"types":["any.empty","any.allowOnly"]}]}}
{"time":"2026-06-03T13:40:23.548764435+05:30","level":"ERROR","msg":"Order placement failed","uid":"ny030626134023a","err_code":"ERR_UNKNOWN","reason":"XTS rejected order: Bad Request","is_retryable":false,"latency_ms":11.403}
RAW XTS RESPONSE: {"type":"error","code":"e-app-001","description":"Bad Request","result":{"status":400,"statusText":"Bad Request","errors":[{"field":["exchangeSegment"],"location":"body","messages":["\"exchangeSegment\" is not allowed to be empty","\"exchangeSegment\" must be one of [NSECM, NSEFO, NSECD, NSECO, SLBM, NIFSC, BSECM, BSEFO, BSECD, NCDEX, MSECM, MSEFO, MSECD, MCXFO]"],"types":["any.empty","any.allowOnly"]}]}}
{"time":"2026-06-03T13:40:23.981887938+05:30","level":"ERROR","msg":"Order placement failed","uid":"ny030626134023a","err_code":"ERR_UNKNOWN","reason":"XTS rejected order: Bad Request","is_retryable":false,"latency_ms":11.495}
RAW XTS RESPONSE: {"type":"error","code":"e-app-001","description":"Bad Request","result":{"status":400,"statusText":"Bad Request","errors":[{"field":["exchangeSegment"],"location":"body","messages":["\"exchangeSegment\" is not allowed to be empty","\"exchangeSegment\" must be one of [NSECM, NSEFO, NSECD, NSECO, SLBM, NIFSC, BSECM, BSEFO, BSECD, NCDEX, MSECM, MSEFO, MSECD, MCXFO]"],"types":["any.empty","any.allowOnly"]}]}}
{"time":"2026-06-03T13:40:24.424961267+05:30","level":"ERROR","msg":"Order placement failed","uid":"ny030626134024a","err_code":"ERR_UNKNOWN","reason":"XTS rejected order: Bad Request","is_retryable":false,"latency_ms":8.648}
RAW XTS RESPONSE: {"type":"error","code":"e-app-001","description":"Bad Request","result":{"status":400,"statusText":"Bad Request","errors":[{"field":["exchangeSegment"],"location":"body","messages":["\"exchangeSegment\" is not allowed to be empty","\"exchangeSegment\" must be one of [NSECM, NSEFO, NSECD, NSECO, SLBM, NIFSC, BSECM, BSEFO, BSECD, NCDEX, MSECM, MSEFO, MSECD, MCXFO]"],"types":["any.empty","any.allowOnly"]},{"field":["orderQuantity"],"location":"body","messages":["\"orderQuantity\" must be larger than or equal to 1"],"types":["number.min"]}]}}
{"time":"2026-06-03T14:15:16.801149646+05:30","level":"ERROR","msg":"Order placement failed","uid":"ny030626141516a","err_code":"ERR_UNKNOWN","reason":"XTS rejected order: Bad Request","is_retryable":false,"latency_ms":97.005}
signal: killed
